127.0.0.1 - - [06/Sep/2018:10:41:46 -0300] "GET / HTTP/1.1" 404 1000
0:0:0:0:0:0:0:1 - - [06/Sep/2018:10:42:11 -0300] "GET /rhcontroller/cria_dados_pessoais.html HTTP/1.1" 200 1517
0:0:0:0:0:0:0:1 - - [06/Sep/2018:10:42:11 -0300] "GET /favicon.ico HTTP/1.1" 404 1022
127.0.0.1 - - [06/Sep/2018:10:42:18 -0300] "POST /business_server_rhcontroller/RecebeJsonDadosPessoais HTTP/1.1" 500 1457
0:0:0:0:0:0:0:1 - - [06/Sep/2018:10:42:18 -0300] "POST /rhcontroller/ServiceAdicionaDadosPessoais HTTP/1.1" 200 211
0:0:0:0:0:0:0:1 - - [06/Sep/2018:10:42:42 -0300] "POST /rhcontroller/ServiceAdicionaDadosPessoais HTTP/1.1" 200 211
127.0.0.1 - - [06/Sep/2018:10:42:42 -0300] "POST /business_server_rhcontroller/RecebeJsonDadosPessoais HTTP/1.1" 500 1457
127.0.0.1 - - [06/Sep/2018:10:43:03 -0300] "POST /business_server_rhcontroller/RecebeJsonDadosPessoais HTTP/1.1" 200 -
0:0:0:0:0:0:0:1 - - [06/Sep/2018:10:43:03 -0300] "POST /rhcontroller/ServiceAdicionaDadosPessoais HTTP/1.1" 200 211
127.0.0.1 - - [06/Sep/2018:10:43:17 -0300] "POST /business_server_rhcontroller/RecebeJsonDadosPessoais HTTP/1.1" 200 -
0:0:0:0:0:0:0:1 - - [06/Sep/2018:10:43:17 -0300] "POST /rhcontroller/ServiceAdicionaDadosPessoais HTTP/1.1" 200 211
0:0:0:0:0:0:0:1 - - [06/Sep/2018:10:43:26 -0300] "GET /rhcontroller/menu.html HTTP/1.1" 404 1044
0:0:0:0:0:0:0:1 - - [06/Sep/2018:10:44:19 -0300] "GET /rhcontroller/CriaBeneficio.html HTTP/1.1" 404 1062
0:0:0:0:0:0:0:1 - - [06/Sep/2018:10:46:01 -0300] "GET /rhcontroller/cria_dados_pessoais.html HTTP/1.1" 200 1525
0:0:0:0:0:0:0:1 - - [06/Sep/2018:10:46:03 -0300] "GET /rhcontroller/cria_dados_pessoais.html HTTP/1.1" 304 -
0:0:0:0:0:0:0:1 - - [06/Sep/2018:10:46:04 -0300] "GET /rhcontroller/cria_dados_pessoais.html HTTP/1.1" 304 -
0:0:0:0:0:0:0:1 - - [06/Sep/2018:10:46:05 -0300] "GET /rhcontroller/cria_pagamentos.html HTTP/1.1" 200 1120
0:0:0:0:0:0:0:1 - - [06/Sep/2018:10:46:49 -0300] "POST /rhcontroller/ServiceAdicionaPagamentos HTTP/1.1" 200 -
127.0.0.1 - - [06/Sep/2018:10:46:49 -0300] "POST /business_server_rhcontroller/RecebeJsonPagamentos HTTP/1.1" 500 1601
0:0:0:0:0:0:0:1 - - [06/Sep/2018:10:50:10 -0300] "GET /rhcontroller/cria_pagamentos.html HTTP/1.1" 200 1120
0:0:0:0:0:0:0:1 - - [06/Sep/2018:10:50:19 -0300] "POST /rhcontroller/ServiceAdicionaPagamentos HTTP/1.1" 200 -
127.0.0.1 - - [06/Sep/2018:10:50:19 -0300] "POST /business_server_rhcontroller/RecebeJsonPagamentos HTTP/1.1" 500 1601
0:0:0:0:0:0:0:1 - - [06/Sep/2018:10:50:32 -0300] "POST /rhcontroller/ServiceAdicionaPagamentos HTTP/1.1" 200 -
127.0.0.1 - - [06/Sep/2018:10:50:32 -0300] "POST /business_server_rhcontroller/RecebeJsonPagamentos HTTP/1.1" 500 1601
127.0.0.1 - - [06/Sep/2018:10:51:14 -0300] "GET / HTTP/1.1" 404 1000
0:0:0:0:0:0:0:1 - - [06/Sep/2018:10:51:24 -0300] "GET /rhcontroller/cria_pagamentos.html HTTP/1.1" 304 -
0:0:0:0:0:0:0:1 - - [06/Sep/2018:10:51:26 -0300] "GET /rhcontroller/cria_pagamentos.html HTTP/1.1" 304 -
0:0:0:0:0:0:0:1 - - [06/Sep/2018:10:51:27 -0300] "GET /rhcontroller/CriaDadosPessoais.html HTTP/1.1" 404 1070
0:0:0:0:0:0:0:1 - - [06/Sep/2018:10:51:31 -0300] "GET /rhcontroller/CriaPagamento.html HTTP/1.1" 404 1062
0:0:0:0:0:0:0:1 - - [06/Sep/2018:10:51:35 -0300] "GET /rhcontroller/ServiceListaBeneficios HTTP/1.1" 404 1070
0:0:0:0:0:0:0:1 - - [06/Sep/2018:10:51:38 -0300] "GET /rhcontroller/CriaPagamento.html HTTP/1.1" 404 1062
0:0:0:0:0:0:0:1 - - [06/Sep/2018:10:51:46 -0300] "GET /rhcontroller/CriaBeneficio.html HTTP/1.1" 404 1062
0:0:0:0:0:0:0:1 - - [06/Sep/2018:10:52:58 -0300] "GET /rhcontroller/cria_pagamentos.html HTTP/1.1" 200 1127
0:0:0:0:0:0:0:1 - - [06/Sep/2018:10:52:59 -0300] "GET /rhcontroller/cria_pagamentos.html HTTP/1.1" 304 -
0:0:0:0:0:0:0:1 - - [06/Sep/2018:10:53:00 -0300] "GET /rhcontroller/cria_pagamentos.html HTTP/1.1" 304 -
0:0:0:0:0:0:0:1 - - [06/Sep/2018:10:53:03 -0300] "GET /rhcontroller/cria_faltas.html HTTP/1.1" 200 1074
0:0:0:0:0:0:0:1 - - [06/Sep/2018:10:53:06 -0300] "GET /rhcontroller/cria_pagamentos.html HTTP/1.1" 304 -
127.0.0.1 - - [06/Sep/2018:10:53:17 -0300] "POST /business_server_rhcontroller/RecebeJsonPagamentos HTTP/1.1" 500 1601
0:0:0:0:0:0:0:1 - - [06/Sep/2018:10:53:17 -0300] "POST /rhcontroller/ServiceAdicionaPagamentos HTTP/1.1" 200 -
127.0.0.1 - - [06/Sep/2018:10:53:36 -0300] "POST /business_server_rhcontroller/RecebeJsonPagamentos HTTP/1.1" 500 1601
0:0:0:0:0:0:0:1 - - [06/Sep/2018:10:53:36 -0300] "POST /rhcontroller/ServiceAdicionaPagamentos HTTP/1.1" 200 -
0:0:0:0:0:0:0:1 - - [06/Sep/2018:10:55:04 -0300] "POST /rhcontroller/ServiceAdicionaPagamentos HTTP/1.1" 500 1547
0:0:0:0:0:0:0:1 - - [06/Sep/2018:10:55:51 -0300] "GET /rhcontroller/cria_pagamentos.html HTTP/1.1" 304 -
0:0:0:0:0:0:0:1 - - [06/Sep/2018:10:55:57 -0300] "POST /rhcontroller/ServiceAdicionaPagamentos HTTP/1.1" 500 1547
0:0:0:0:0:0:0:1 - - [06/Sep/2018:10:58:32 -0300] "POST /rhcontroller/ServiceAdicionaPagamentos HTTP/1.1" 500 1547
0:0:0:0:0:0:0:1 - - [06/Sep/2018:10:58:35 -0300] "GET /rhcontroller/cria_pagamentos.html HTTP/1.1" 200 1131
127.0.0.1 - - [06/Sep/2018:10:58:44 -0300] "POST /business_server_rhcontroller/RecebeJsonPagamentos HTTP/1.1" 500 1601
0:0:0:0:0:0:0:1 - - [06/Sep/2018:10:58:44 -0300] "POST /rhcontroller/ServiceAdicionaPagamentos HTTP/1.1" 200 -
127.0.0.1 - - [06/Sep/2018:11:00:46 -0300] "POST /business_server_rhcontroller/RecebeJsonPagamentos HTTP/1.1" 500 1601
0:0:0:0:0:0:0:1 - - [06/Sep/2018:11:00:46 -0300] "POST /rhcontroller/ServiceAdicionaPagamentos HTTP/1.1" 200 -
127.0.0.1 - - [06/Sep/2018:11:01:40 -0300] "GET / HTTP/1.1" 404 1000
0:0:0:0:0:0:0:1 - - [06/Sep/2018:11:01:43 -0300] "GET /rhcontroller/cria_pagamentos.html HTTP/1.1" 304 -
0:0:0:0:0:0:0:1 - - [06/Sep/2018:11:01:43 -0300] "GET /rhcontroller/cria_pagamentos.html HTTP/1.1" 304 -
0:0:0:0:0:0:0:1 - - [06/Sep/2018:11:01:44 -0300] "GET /rhcontroller/cria_pagamentos.html HTTP/1.1" 304 -
127.0.0.1 - - [06/Sep/2018:11:01:56 -0300] "POST /business_server_rhcontroller/RecebeJsonPagamentos HTTP/1.1" 500 1601
0:0:0:0:0:0:0:1 - - [06/Sep/2018:11:01:56 -0300] "POST /rhcontroller/ServiceAdicionaPagamentos HTTP/1.1" 200 -
0:0:0:0:0:0:0:1 - - [06/Sep/2018:11:06:51 -0300] "POST /rhcontroller/ServiceAdicionaPagamentos HTTP/1.1" 200 -
127.0.0.1 - - [06/Sep/2018:11:06:51 -0300] "POST /business_server_rhcontroller/RecebeJsonPagamentos HTTP/1.1" 500 2092
0:0:0:0:0:0:0:1 - - [06/Sep/2018:11:07:07 -0300] "POST /rhcontroller/ServiceAdicionaPagamentos HTTP/1.1" 200 -
127.0.0.1 - - [06/Sep/2018:11:07:07 -0300] "POST /business_server_rhcontroller/RecebeJsonPagamentos HTTP/1.1" 500 1826
0:0:0:0:0:0:0:1 - - [06/Sep/2018:11:10:08 -0300] "GET /rhcontroller/cria_dados_pessoais.html HTTP/1.1" 304 -
127.0.0.1 - - [06/Sep/2018:11:10:21 -0300] "POST /business_server_rhcontroller/RecebeJsonDadosPessoais HTTP/1.1" 500 1457
0:0:0:0:0:0:0:1 - - [06/Sep/2018:11:10:21 -0300] "POST /rhcontroller/ServiceAdicionaDadosPessoais HTTP/1.1" 200 211
0:0:0:0:0:0:0:1 - - [06/Sep/2018:11:11:03 -0300] "POST /rhcontroller/ServiceAdicionaPagamentos HTTP/1.1" 200 -
127.0.0.1 - - [06/Sep/2018:11:11:03 -0300] "POST /business_server_rhcontroller/RecebeJsonPagamentos HTTP/1.1" 500 1826
0:0:0:0:0:0:0:1 - - [06/Sep/2018:11:12:24 -0300] "POST /rhcontroller/ServiceAdicionaPagamentos HTTP/1.1" 200 -
127.0.0.1 - - [06/Sep/2018:11:12:24 -0300] "POST /business_server_rhcontroller/RecebeJsonPagamentos HTTP/1.1" 500 1601
127.0.0.1 - - [06/Sep/2018:11:20:22 -0300] "POST /business_server_rhcontroller/RecebeJsonPagamentos HTTP/1.1" 500 1601
0:0:0:0:0:0:0:1 - - [06/Sep/2018:11:20:22 -0300] "POST /rhcontroller/ServiceAdicionaPagamentos HTTP/1.1" 200 -
127.0.0.1 - - [06/Sep/2018:11:20:41 -0300] "GET / HTTP/1.1" 404 1000
0:0:0:0:0:0:0:1 - - [06/Sep/2018:11:20:46 -0300] "GET /rhcontroller/cria_pagamentos.html HTTP/1.1" 304 -
0:0:0:0:0:0:0:1 - - [06/Sep/2018:11:20:47 -0300] "GET /rhcontroller/cria_pagamentos.html HTTP/1.1" 304 -
127.0.0.1 - - [06/Sep/2018:11:20:53 -0300] "POST /business_server_rhcontroller/RecebeJsonPagamentos HTTP/1.1" 500 1601
0:0:0:0:0:0:0:1 - - [06/Sep/2018:11:20:53 -0300] "POST /rhcontroller/ServiceAdicionaPagamentos HTTP/1.1" 200 -
0:0:0:0:0:0:0:1 - - [06/Sep/2018:11:31:23 -0300] "POST /rhcontroller/ServiceAdicionaPagamentos HTTP/1.1" 500 2119
0:0:0:0:0:0:0:1 - - [06/Sep/2018:11:31:33 -0300] "GET /rhcontroller/cria_pagamentos.html HTTP/1.1" 304 -
0:0:0:0:0:0:0:1 - - [06/Sep/2018:11:31:40 -0300] "POST /rhcontroller/ServiceAdicionaPagamentos HTTP/1.1" 500 2119
127.0.0.1 - - [06/Sep/2018:11:32:46 -0300] "POST /business_server_rhcontroller/RecebeJsonPagamentos HTTP/1.1" 200 -
0:0:0:0:0:0:0:1 - - [06/Sep/2018:11:32:46 -0300] "POST /rhcontroller/ServiceAdicionaPagamentos HTTP/1.1" 200 -
0:0:0:0:0:0:0:1 - - [06/Sep/2018:11:35:49 -0300] "GET /rhcontroller/cria_beneficios.html HTTP/1.1" 200 1031
0:0:0:0:0:0:0:1 - - [06/Sep/2018:11:36:15 -0300] "GET /rhcontroller/cria_beneficios.html HTTP/1.1" 200 1031
127.0.0.1 - - [06/Sep/2018:11:36:23 -0300] "POST /business_server_rhcontroller/RecebeJsonBeneficios HTTP/1.1" 200 -
0:0:0:0:0:0:0:1 - - [06/Sep/2018:11:36:23 -0300] "POST /rhcontroller/ServiceAdicionaBeneficios HTTP/1.1" 200 -
0:0:0:0:0:0:0:1 - - [06/Sep/2018:11:49:20 -0300] "GET /rhcontroller/cria_beneficios.html HTTP/1.1" 304 -
0:0:0:0:0:0:0:1 - - [06/Sep/2018:11:49:23 -0300] "GET /rhcontroller/cria_faltas.html HTTP/1.1" 200 1074
0:0:0:0:0:0:0:1 - - [06/Sep/2018:11:49:39 -0300] "POST /rhcontroller/ServiceAdicionaFalta HTTP/1.1" 500 1529
0:0:0:0:0:0:0:1 - - [06/Sep/2018:11:50:46 -0300] "GET /rhcontroller/cria_faltas.html HTTP/1.1" 200 1160
0:0:0:0:0:0:0:1 - - [06/Sep/2018:11:50:53 -0300] "POST /rhcontroller/ServiceAdicionaFalta HTTP/1.1" 500 1529
0:0:0:0:0:0:0:1 - - [06/Sep/2018:11:52:02 -0300] "POST /rhcontroller/ServiceAdicionaFalta HTTP/1.1" 500 1529
0:0:0:0:0:0:0:1 - - [06/Sep/2018:11:52:03 -0300] "GET /rhcontroller/cria_faltas.html HTTP/1.1" 200 1153
127.0.0.1 - - [06/Sep/2018:11:52:12 -0300] "POST /business_server_rhcontroller/RecebeJsonDadosPessoais HTTP/1.1" 500 1457
0:0:0:0:0:0:0:1 - - [06/Sep/2018:11:52:12 -0300] "POST /rhcontroller/ServiceAdicionaFalta HTTP/1.1" 200 202
127.0.0.1 - - [06/Sep/2018:11:53:22 -0300] "POST /business_server_rhcontroller/RecebeJsonFaltas HTTP/1.1" 200 -
0:0:0:0:0:0:0:1 - - [06/Sep/2018:11:53:22 -0300] "POST /rhcontroller/ServiceAdicionaFalta HTTP/1.1" 200 202
