127.0.0.1 - - [19/Sep/2018:03:06:57 -0300] "GET / HTTP/1.1" 404 1000
0:0:0:0:0:0:0:1 - - [19/Sep/2018:03:07:21 -0300] "GET /rhcontroller/cria_dados_pessoais.html HTTP/1.1" 304 -
0:0:0:0:0:0:0:1 - - [19/Sep/2018:03:07:24 -0300] "GET /favicon.ico HTTP/1.1" 404 1022
0:0:0:0:0:0:0:1 - - [19/Sep/2018:03:07:26 -0300] "GET /rhcontroller/menu.html HTTP/1.1" 200 770
0:0:0:0:0:0:0:1 - - [19/Sep/2018:03:07:30 -0300] "GET /rhcontroller/remove_funcionario.html HTTP/1.1" 200 1253
127.0.0.1 - - [19/Sep/2018:03:10:04 -0300] "GET / HTTP/1.1" 404 1000
127.0.0.1 - - [19/Sep/2018:03:10:43 -0300] "GET / HTTP/1.1" 404 1000
0:0:0:0:0:0:0:1 - - [19/Sep/2018:03:11:11 -0300] "GET /rhcontroller/remove_funcionario.html HTTP/1.1" 200 1324
0:0:0:0:0:0:0:1 - - [19/Sep/2018:03:12:00 -0300] "GET /rhcontroller/remove_funcionario.html HTTP/1.1" 200 1325
127.0.0.1 - - [19/Sep/2018:03:12:08 -0300] "POST /business_server_rhcontroller/RecebeJsonApagaDadosPessoais HTTP/1.1" 500 4292
0:0:0:0:0:0:0:1 - - [19/Sep/2018:03:12:08 -0300] "POST /rhcontroller/ServiceApagaDadosPessoais HTTP/1.1" 200 202
0:0:0:0:0:0:0:1 - - [19/Sep/2018:03:15:15 -0300] "GET /rhcontroller/remove_funcionario.html HTTP/1.1" 304 -
127.0.0.1 - - [19/Sep/2018:03:15:17 -0300] "POST /business_server_rhcontroller/RecebeJsonApagaDadosPessoais HTTP/1.1" 404 998
0:0:0:0:0:0:0:1 - - [19/Sep/2018:03:15:17 -0300] "POST /rhcontroller/ServiceApagaDadosPessoais HTTP/1.1" 200 196
0:0:0:0:0:0:0:1 - - [19/Sep/2018:03:15:22 -0300] "GET /rhcontroller/apaga_funcionario.html HTTP/1.1" 200 890
0:0:0:0:0:0:0:1 - - [19/Sep/2018:03:15:26 -0300] "GET /rhcontroller/apaga_funcionario.html HTTP/1.1" 304 -
0:0:0:0:0:0:0:1 - - [19/Sep/2018:03:16:30 -0300] "GET /rhcontroller/remove_funcionario.html HTTP/1.1" 200 1325
127.0.0.1 - - [19/Sep/2018:03:16:33 -0300] "POST /business_server_rhcontroller/RecebeJsonApagaDadosPessoais HTTP/1.1" 404 998
0:0:0:0:0:0:0:1 - - [19/Sep/2018:03:16:33 -0300] "POST /rhcontroller/ServiceApagaDadosPessoais HTTP/1.1" 200 196
127.0.0.1 - - [19/Sep/2018:03:23:57 -0300] "POST /business_server_rhcontroller/RecebeJsonApagaDadosPessoais HTTP/1.1" 500 1845
0:0:0:0:0:0:0:1 - - [19/Sep/2018:03:23:57 -0300] "POST /rhcontroller/ServiceApagaDadosPessoais HTTP/1.1" 200 196
127.0.0.1 - - [19/Sep/2018:03:27:02 -0300] "GET / HTTP/1.1" 404 1000
0:0:0:0:0:0:0:1 - - [19/Sep/2018:03:27:09 -0300] "GET /rhcontroller/remove_funcionario.html HTTP/1.1" 304 -
127.0.0.1 - - [19/Sep/2018:03:27:14 -0300] "POST /business_server_rhcontroller/RecebeJsonApagaDadosPessoais HTTP/1.1" 500 1614
0:0:0:0:0:0:0:1 - - [19/Sep/2018:03:27:14 -0300] "POST /rhcontroller/ServiceApagaDadosPessoais HTTP/1.1" 200 196
127.0.0.1 - - [19/Sep/2018:03:28:01 -0300] "GET / HTTP/1.1" 404 1000
127.0.0.1 - - [19/Sep/2018:03:28:12 -0300] "POST /business_server_rhcontroller/RecebeJsonApagaDadosPessoais HTTP/1.1" 200 -
0:0:0:0:0:0:0:1 - - [19/Sep/2018:03:28:12 -0300] "POST /rhcontroller/ServiceApagaDadosPessoais HTTP/1.1" 200 196
127.0.0.1 - - [19/Sep/2018:03:38:11 -0300] "GET / HTTP/1.1" 404 1000
127.0.0.1 - - [19/Sep/2018:03:38:20 -0300] "POST /business_server_rhcontroller/RecebeJsonApagaDadosPessoais HTTP/1.1" 200 -
0:0:0:0:0:0:0:1 - - [19/Sep/2018:03:38:20 -0300] "POST /rhcontroller/ServiceApagaDadosPessoais HTTP/1.1" 200 196
127.0.0.1 - - [19/Sep/2018:03:41:16 -0300] "GET / HTTP/1.1" 404 1000
127.0.0.1 - - [19/Sep/2018:03:41:24 -0300] "POST /business_server_rhcontroller/RecebeJsonApagaDadosPessoais HTTP/1.1" 200 -
0:0:0:0:0:0:0:1 - - [19/Sep/2018:03:41:24 -0300] "POST /rhcontroller/ServiceApagaDadosPessoais HTTP/1.1" 200 196
127.0.0.1 - - [19/Sep/2018:03:44:05 -0300] "GET / HTTP/1.1" 404 1000
127.0.0.1 - - [19/Sep/2018:03:44:12 -0300] "POST /business_server_rhcontroller/RecebeJsonApagaDadosPessoais HTTP/1.1" 200 -
0:0:0:0:0:0:0:1 - - [19/Sep/2018:03:44:12 -0300] "POST /rhcontroller/ServiceApagaDadosPessoais HTTP/1.1" 200 196
127.0.0.1 - - [19/Sep/2018:03:48:23 -0300] "GET / HTTP/1.1" 404 1000
127.0.0.1 - - [19/Sep/2018:03:50:28 -0300] "GET / HTTP/1.1" 404 1000
0:0:0:0:0:0:0:1 - - [19/Sep/2018:03:50:33 -0300] "GET /rhcontroller/apaga_funcionario.html HTTP/1.1" 304 -
0:0:0:0:0:0:0:1 - - [19/Sep/2018:03:50:38 -0300] "GET /rhcontroller/apaga_funcionario.html HTTP/1.1" 304 -
127.0.0.1 - - [19/Sep/2018:03:50:41 -0300] "POST /business_server_rhcontroller/RecebeJsonApagaDadosPessoais HTTP/1.1" 200 -
0:0:0:0:0:0:0:1 - - [19/Sep/2018:03:50:41 -0300] "POST /rhcontroller/ServiceApagaDadosPessoais HTTP/1.1" 200 196
127.0.0.1 - - [19/Sep/2018:03:51:57 -0300] "POST /business_server_rhcontroller/RecebeJsonApagaDadosPessoais HTTP/1.1" 200 -
0:0:0:0:0:0:0:1 - - [19/Sep/2018:03:51:57 -0300] "POST /rhcontroller/ServiceApagaDadosPessoais HTTP/1.1" 200 196
127.0.0.1 - - [19/Sep/2018:03:53:55 -0300] "GET / HTTP/1.1" 404 1000
127.0.0.1 - - [19/Sep/2018:03:54:02 -0300] "POST /business_server_rhcontroller/RecebeJsonApagaDadosPessoais HTTP/1.1" 200 -
0:0:0:0:0:0:0:1 - - [19/Sep/2018:03:54:02 -0300] "POST /rhcontroller/ServiceApagaDadosPessoais HTTP/1.1" 200 196
127.0.0.1 - - [19/Sep/2018:03:55:03 -0300] "GET / HTTP/1.1" 404 1000
127.0.0.1 - - [19/Sep/2018:03:55:06 -0300] "POST /business_server_rhcontroller/RecebeJsonApagaDadosPessoais HTTP/1.1" 200 -
0:0:0:0:0:0:0:1 - - [19/Sep/2018:03:55:06 -0300] "POST /rhcontroller/ServiceApagaDadosPessoais HTTP/1.1" 200 196
127.0.0.1 - - [19/Sep/2018:03:56:46 -0300] "GET / HTTP/1.1" 404 1000
127.0.0.1 - - [19/Sep/2018:03:56:51 -0300] "POST /business_server_rhcontroller/RecebeJsonApagaDadosPessoais HTTP/1.1" 200 -
0:0:0:0:0:0:0:1 - - [19/Sep/2018:03:56:51 -0300] "POST /rhcontroller/ServiceApagaDadosPessoais HTTP/1.1" 200 196
127.0.0.1 - - [19/Sep/2018:03:59:59 -0300] "GET / HTTP/1.1" 404 1000
0:0:0:0:0:0:0:1 - - [19/Sep/2018:04:00:06 -0300] "GET /rhcontroller/apaga_funcionario.html HTTP/1.1" 304 -
127.0.0.1 - - [19/Sep/2018:04:00:10 -0300] "POST /business_server_rhcontroller/RecebeJsonApagaDadosPessoais HTTP/1.1" 200 -
0:0:0:0:0:0:0:1 - - [19/Sep/2018:04:00:10 -0300] "POST /rhcontroller/ServiceApagaDadosPessoais HTTP/1.1" 200 196
127.0.0.1 - - [19/Sep/2018:04:01:15 -0300] "POST /business_server_rhcontroller/RecebeJsonApagaDadosPessoais HTTP/1.1" 200 -
0:0:0:0:0:0:0:1 - - [19/Sep/2018:04:01:15 -0300] "POST /rhcontroller/ServiceApagaDadosPessoais HTTP/1.1" 200 196
127.0.0.1 - - [19/Sep/2018:04:05:00 -0300] "GET / HTTP/1.1" 404 1000
0:0:0:0:0:0:0:1 - - [19/Sep/2018:04:05:16 -0300] "POST /rhcontroller/ServiceApagaDadosPessoais HTTP/1.1" 500 1847
0:0:0:0:0:0:0:1 - - [19/Sep/2018:04:05:23 -0300] "GET /rhcontroller/apaga_funcionario.html HTTP/1.1" 304 -
0:0:0:0:0:0:0:1 - - [19/Sep/2018:04:05:27 -0300] "POST /rhcontroller/ServiceApagaDadosPessoais HTTP/1.1" 500 1847
127.0.0.1 - - [19/Sep/2018:04:07:00 -0300] "POST /business_server_rhcontroller/RecebeJsonApagaDadosPessoais HTTP/1.1" 200 -
0:0:0:0:0:0:0:1 - - [19/Sep/2018:04:07:00 -0300] "POST /rhcontroller/ServiceApagaDadosPessoais HTTP/1.1" 200 195
127.0.0.1 - - [19/Sep/2018:07:38:36 -0300] "GET / HTTP/1.1" 404 1000
0:0:0:0:0:0:0:1 - - [19/Sep/2018:07:40:26 -0300] "GET /rhcontroller/cria_dados_pessoais.html HTTP/1.1" 304 -
0:0:0:0:0:0:0:1 - - [19/Sep/2018:07:40:28 -0300] "GET /favicon.ico HTTP/1.1" 404 1022
0:0:0:0:0:0:0:1 - - [19/Sep/2018:07:40:30 -0300] "GET /rhcontroller/menu.html HTTP/1.1" 304 -
0:0:0:0:0:0:0:1 - - [19/Sep/2018:07:40:40 -0300] "GET /rhcontroller/lista_funcionarios.html HTTP/1.1" 304 -
127.0.0.1 - - [19/Sep/2018:07:40:46 -0300] "POST /business_server_rhcontroller/RecebeDevolveJsonListaDadosFuncionarios HTTP/1.1" 200 707
0:0:0:0:0:0:0:1 - - [19/Sep/2018:07:40:46 -0300] "POST /rhcontroller/ServiceListaFuncionarios HTTP/1.1" 200 1332
0:0:0:0:0:0:0:1 - - [19/Sep/2018:07:46:10 -0300] "GET /rhcontroller/remove_funcionario.html HTTP/1.1" 304 -
127.0.0.1 - - [19/Sep/2018:07:46:14 -0300] "POST /business_server_rhcontroller/RecebeJsonApagaDadosPessoais HTTP/1.1" 200 -
0:0:0:0:0:0:0:1 - - [19/Sep/2018:07:46:14 -0300] "POST /rhcontroller/ServiceApagaDadosPessoais HTTP/1.1" 200 194
127.0.0.1 - - [19/Sep/2018:07:49:37 -0300] "POST /business_server_rhcontroller/RecebeDevolveJsonListaDadosFuncionarios HTTP/1.1" 200 351
0:0:0:0:0:0:0:1 - - [19/Sep/2018:07:49:37 -0300] "POST /rhcontroller/ServiceListaFuncionarios HTTP/1.1" 200 861
127.0.0.1 - - [19/Sep/2018:07:54:17 -0300] "GET / HTTP/1.1" 404 1000
127.0.0.1 - - [19/Sep/2018:07:54:32 -0300] "POST /business_server_rhcontroller/RecebeDevolveJsonListaDadosFuncionarios HTTP/1.1" 200 351
0:0:0:0:0:0:0:1 - - [19/Sep/2018:07:54:33 -0300] "POST /rhcontroller/ServiceListaFuncionarios HTTP/1.1" 200 600
127.0.0.1 - - [19/Sep/2018:07:55:13 -0300] "POST /business_server_rhcontroller/RecebeDevolveJsonListaDadosFuncionarios HTTP/1.1" 200 351
0:0:0:0:0:0:0:1 - - [19/Sep/2018:07:55:13 -0300] "POST /rhcontroller/ServiceListaFuncionarios HTTP/1.1" 200 589
127.0.0.1 - - [19/Sep/2018:07:55:42 -0300] "POST /business_server_rhcontroller/RecebeDevolveJsonListaDadosFuncionarios HTTP/1.1" 200 351
0:0:0:0:0:0:0:1 - - [19/Sep/2018:07:55:42 -0300] "POST /rhcontroller/ServiceListaFuncionarios HTTP/1.1" 200 569
127.0.0.1 - - [19/Sep/2018:07:56:21 -0300] "POST /business_server_rhcontroller/RecebeDevolveJsonListaDadosFuncionarios HTTP/1.1" 200 351
0:0:0:0:0:0:0:1 - - [19/Sep/2018:07:56:21 -0300] "POST /rhcontroller/ServiceListaFuncionarios HTTP/1.1" 200 569
127.0.0.1 - - [19/Sep/2018:07:57:05 -0300] "POST /business_server_rhcontroller/RecebeDevolveJsonListaDadosFuncionarios HTTP/1.1" 200 351
0:0:0:0:0:0:0:1 - - [19/Sep/2018:07:57:05 -0300] "POST /rhcontroller/ServiceListaFuncionarios HTTP/1.1" 200 593
127.0.0.1 - - [19/Sep/2018:09:20:23 -0300] "GET / HTTP/1.1" 404 1000
0:0:0:0:0:0:0:1 - - [19/Sep/2018:09:20:27 -0300] "GET /rhcontroller/menu.html HTTP/1.1" 200 792
0:0:0:0:0:0:0:1 - - [19/Sep/2018:09:20:35 -0300] "GET /rhcontroller/lista_funcionario_pagamentos.html HTTP/1.1" 200 1363
127.0.0.1 - - [19/Sep/2018:09:20:40 -0300] "POST /business_server_rhcontroller/RecebeDevolveJsonListaFuncionarioPagamentos HTTP/1.1" 200 2
0:0:0:0:0:0:0:1 - - [19/Sep/2018:09:20:40 -0300] "POST /rhcontroller/ServiceListaFuncionarioPagamentos HTTP/1.1" 200 191
0:0:0:0:0:0:0:1 - - [19/Sep/2018:09:27:00 -0300] "GET /rhcontroller/menu.html HTTP/1.1" 304 -
0:0:0:0:0:0:0:1 - - [19/Sep/2018:09:27:05 -0300] "GET /rhcontroller/cria_pagamentos.html HTTP/1.1" 200 1222
127.0.0.1 - - [19/Sep/2018:09:27:32 -0300] "POST /business_server_rhcontroller/RecebeJsonDadosPessoais HTTP/1.1" 200 -
0:0:0:0:0:0:0:1 - - [19/Sep/2018:09:27:32 -0300] "POST /rhcontroller/ServiceAdicionaDadosPessoais HTTP/1.1" 200 203
127.0.0.1 - - [19/Sep/2018:09:36:35 -0300] "GET / HTTP/1.1" 404 1000
0:0:0:0:0:0:0:1 - - [19/Sep/2018:09:36:43 -0300] "GET /rhcontroller/cria_pagamentos.html HTTP/1.1" 304 -
127.0.0.1 - - [19/Sep/2018:09:37:00 -0300] "POST /business_server_rhcontroller/RecebeJsonPagamentos HTTP/1.1" 200 -
0:0:0:0:0:0:0:1 - - [19/Sep/2018:09:37:00 -0300] "POST /rhcontroller/ServiceAdicionaPagamentos HTTP/1.1" 200 -
127.0.0.1 - - [19/Sep/2018:09:37:36 -0300] "POST /business_server_rhcontroller/RecebeJsonPagamentos HTTP/1.1" 200 -
0:0:0:0:0:0:0:1 - - [19/Sep/2018:09:37:36 -0300] "POST /rhcontroller/ServiceAdicionaPagamentos HTTP/1.1" 200 -
0:0:0:0:0:0:0:1 - - [19/Sep/2018:09:38:05 -0300] "GET /rhcontroller/lista_funcionario_pagamentos.html HTTP/1.1" 304 -
127.0.0.1 - - [19/Sep/2018:09:38:09 -0300] "POST /business_server_rhcontroller/RecebeDevolveJsonListaFuncionarioPagamentos HTTP/1.1" 200 63
0:0:0:0:0:0:0:1 - - [19/Sep/2018:09:38:10 -0300] "POST /rhcontroller/ServiceListaFuncionarioPagamentos HTTP/1.1" 200 546
0:0:0:0:0:0:0:1 - - [19/Sep/2018:09:38:16 -0300] "GET /rhcontroller/menu.html HTTP/1.1" 304 -
127.0.0.1 - - [19/Sep/2018:09:39:04 -0300] "POST /business_server_rhcontroller/RecebeJsonPagamentos HTTP/1.1" 200 -
0:0:0:0:0:0:0:1 - - [19/Sep/2018:09:39:04 -0300] "POST /rhcontroller/ServiceAdicionaPagamentos HTTP/1.1" 200 -
127.0.0.1 - - [19/Sep/2018:09:39:22 -0300] "POST /business_server_rhcontroller/RecebeDevolveJsonListaFuncionarioPagamentos HTTP/1.1" 200 120
0:0:0:0:0:0:0:1 - - [19/Sep/2018:09:39:22 -0300] "POST /rhcontroller/ServiceListaFuncionarioPagamentos HTTP/1.1" 200 896
0:0:0:0:0:0:0:1 - - [19/Sep/2018:09:42:55 -0300] "GET /rhcontroller/menu.html HTTP/1.1" 304 -
127.0.0.1 - - [19/Sep/2018:09:43:20 -0300] "POST /business_server_rhcontroller/RecebeJsonDadosPessoais HTTP/1.1" 200 -
0:0:0:0:0:0:0:1 - - [19/Sep/2018:09:43:20 -0300] "POST /rhcontroller/ServiceAdicionaDadosPessoais HTTP/1.1" 200 208
0:0:0:0:0:0:0:1 - - [19/Sep/2018:09:43:43 -0300] "GET /rhcontroller/lista_funcionario_pagamentos.html HTTP/1.1" 304 -
127.0.0.1 - - [19/Sep/2018:09:43:46 -0300] "POST /business_server_rhcontroller/RecebeDevolveJsonListaFuncionarioPagamentos HTTP/1.1" 200 120
0:0:0:0:0:0:0:1 - - [19/Sep/2018:09:43:46 -0300] "POST /rhcontroller/ServiceListaFuncionarioPagamentos HTTP/1.1" 200 884
127.0.0.1 - - [19/Sep/2018:09:44:40 -0300] "POST /business_server_rhcontroller/RecebeDevolveJsonListaFuncionarioPagamentos HTTP/1.1" 200 120
0:0:0:0:0:0:0:1 - - [19/Sep/2018:09:44:40 -0300] "POST /rhcontroller/ServiceListaFuncionarioPagamentos HTTP/1.1" 200 884
127.0.0.1 - - [19/Sep/2018:09:44:58 -0300] "POST /business_server_rhcontroller/RecebeDevolveJsonListaFuncionarioPagamentos HTTP/1.1" 200 120
0:0:0:0:0:0:0:1 - - [19/Sep/2018:09:44:58 -0300] "POST /rhcontroller/ServiceListaFuncionarioPagamentos HTTP/1.1" 200 884
127.0.0.1 - - [19/Sep/2018:09:45:05 -0300] "POST /business_server_rhcontroller/RecebeDevolveJsonListaFuncionarioPagamentos HTTP/1.1" 200 120
0:0:0:0:0:0:0:1 - - [19/Sep/2018:09:45:05 -0300] "POST /rhcontroller/ServiceListaFuncionarioPagamentos HTTP/1.1" 200 884
0:0:0:0:0:0:0:1 - - [19/Sep/2018:09:46:23 -0300] "GET /rhcontroller/menu.html HTTP/1.1" 304 -
0:0:0:0:0:0:0:1 - - [19/Sep/2018:09:49:45 -0300] "GET /rhcontroller/menu.html HTTP/1.1" 200 793
0:0:0:0:0:0:0:1 - - [19/Sep/2018:09:49:47 -0300] "GET /rhcontroller/remove_funcionario.html HTTP/1.1" 200 1350
127.0.0.1 - - [19/Sep/2018:09:49:51 -0300] "POST /business_server_rhcontroller/RecebeJsonApagaDadosPessoais HTTP/1.1" 200 -
0:0:0:0:0:0:0:1 - - [19/Sep/2018:09:49:51 -0300] "POST /rhcontroller/ServiceApagaDadosPessoais HTTP/1.1" 200 194
0:0:0:0:0:0:0:1 - - [19/Sep/2018:09:53:29 -0300] "GET /rhcontroller/apaga_funcionario.html HTTP/1.1" 200 989
127.0.0.1 - - [19/Sep/2018:09:53:41 -0300] "GET / HTTP/1.1" 404 1000
0:0:0:0:0:0:0:1 - - [19/Sep/2018:09:53:45 -0300] "GET /rhcontroller/apaga_funcionario.html HTTP/1.1" 304 -
127.0.0.1 - - [19/Sep/2018:09:53:49 -0300] "POST /business_server_rhcontroller/RecebeJsonApagaDadosPessoais HTTP/1.1" 200 -
0:0:0:0:0:0:0:1 - - [19/Sep/2018:09:53:49 -0300] "POST /rhcontroller/ServiceApagaDadosPessoais HTTP/1.1" 200 194
0:0:0:0:0:0:0:1 - - [19/Sep/2018:09:53:52 -0300] "GET /rhcontroller/menu.html HTTP/1.1" 200 793
0:0:0:0:0:0:0:1 - - [19/Sep/2018:09:54:54 -0300] "GET /rhcontroller/remove_funcionario.html HTTP/1.1" 200 1351
127.0.0.1 - - [19/Sep/2018:09:54:57 -0300] "POST /business_server_rhcontroller/RecebeJsonApagaDadosPessoais HTTP/1.1" 200 -
0:0:0:0:0:0:0:1 - - [19/Sep/2018:09:54:57 -0300] "POST /rhcontroller/ServiceApagaDadosPessoais HTTP/1.1" 200 194
0:0:0:0:0:0:0:1 - - [19/Sep/2018:09:56:24 -0300] "GET /rhcontroller/menu.html HTTP/1.1" 304 -
0:0:0:0:0:0:0:1 - - [19/Sep/2018:10:00:30 -0300] "GET /rhcontroller/menu.html HTTP/1.1" 304 -
0:0:0:0:0:0:0:1 - - [19/Sep/2018:10:06:59 -0300] "GET /rhcontroller/menu.html HTTP/1.1" 304 -
127.0.0.1 - - [19/Sep/2018:10:07:16 -0300] "POST /business_server_rhcontroller/RecebeJsonDadosPessoais HTTP/1.1" 200 -
0:0:0:0:0:0:0:1 - - [19/Sep/2018:10:07:16 -0300] "POST /rhcontroller/ServiceAdicionaDadosPessoais HTTP/1.1" 200 203
127.0.0.1 - - [19/Sep/2018:10:10:37 -0300] "POST /business_server_rhcontroller/RecebeJsonDadosPessoais HTTP/1.1" 200 -
0:0:0:0:0:0:0:1 - - [19/Sep/2018:10:10:37 -0300] "POST /rhcontroller/ServiceAdicionaDadosPessoais HTTP/1.1" 200 211
0:0:0:0:0:0:0:1 - - [19/Sep/2018:10:10:48 -0300] "GET /rhcontroller/menu.html HTTP/1.1" 304 -
0:0:0:0:0:0:0:1 - - [19/Sep/2018:10:10:49 -0300] "GET /rhcontroller/remove_funcionario.html HTTP/1.1" 304 -
127.0.0.1 - - [19/Sep/2018:10:10:52 -0300] "POST /business_server_rhcontroller/RecebeJsonApagaDadosPessoais HTTP/1.1" 200 -
0:0:0:0:0:0:0:1 - - [19/Sep/2018:10:10:52 -0300] "POST /rhcontroller/ServiceApagaDadosPessoais HTTP/1.1" 200 194
127.0.0.1 - - [19/Sep/2018:10:11:19 -0300] "POST /business_server_rhcontroller/RecebeJsonApagaDadosPessoais HTTP/1.1" 200 -
0:0:0:0:0:0:0:1 - - [19/Sep/2018:10:11:19 -0300] "POST /rhcontroller/ServiceApagaDadosPessoais HTTP/1.1" 200 194
127.0.0.1 - - [19/Sep/2018:10:11:55 -0300] "POST /business_server_rhcontroller/RecebeJsonApagaDadosPessoais HTTP/1.1" 200 -
0:0:0:0:0:0:0:1 - - [19/Sep/2018:10:11:55 -0300] "POST /rhcontroller/ServiceApagaDadosPessoais HTTP/1.1" 200 194
0:0:0:0:0:0:0:1 - - [19/Sep/2018:10:12:14 -0300] "GET /rhcontroller/apaga_funcionario.html HTTP/1.1" 304 -
127.0.0.1 - - [19/Sep/2018:10:12:17 -0300] "POST /business_server_rhcontroller/RecebeJsonApagaDadosPessoais HTTP/1.1" 200 -
0:0:0:0:0:0:0:1 - - [19/Sep/2018:10:12:17 -0300] "POST /rhcontroller/ServiceApagaDadosPessoais HTTP/1.1" 200 194
0:0:0:0:0:0:0:1 - - [19/Sep/2018:10:15:49 -0300] "GET /rhcontroller/menu.html HTTP/1.1" 304 -
127.0.0.1 - - [19/Sep/2018:10:18:08 -0300] "POST /business_server_rhcontroller/RecebeJsonDadosPessoais HTTP/1.1" 200 -
0:0:0:0:0:0:0:1 - - [19/Sep/2018:10:18:08 -0300] "POST /rhcontroller/ServiceAdicionaDadosPessoais HTTP/1.1" 200 208
0:0:0:0:0:0:0:1 - - [19/Sep/2018:10:18:26 -0300] "GET /rhcontroller/menu.html HTTP/1.1" 304 -
0:0:0:0:0:0:0:1 - - [19/Sep/2018:10:18:37 -0300] "GET /rhcontroller/cria_pagamentos.html HTTP/1.1" 200 1223
0:0:0:0:0:0:0:1 - - [19/Sep/2018:10:18:44 -0300] "GET /rhcontroller/lista_funcionario_pagamentos.html HTTP/1.1" 200 1365
127.0.0.1 - - [19/Sep/2018:10:18:47 -0300] "POST /business_server_rhcontroller/RecebeDevolveJsonListaFuncionarioPagamentos HTTP/1.1" 200 67
0:0:0:0:0:0:0:1 - - [19/Sep/2018:10:18:47 -0300] "POST /rhcontroller/ServiceListaFuncionarioPagamentos HTTP/1.1" 200 544
127.0.0.1 - - [19/Sep/2018:10:19:06 -0300] "POST /business_server_rhcontroller/RecebeDevolveJsonListaFuncionarioPagamentos HTTP/1.1" 200 67
0:0:0:0:0:0:0:1 - - [19/Sep/2018:10:19:06 -0300] "POST /rhcontroller/ServiceListaFuncionarioPagamentos HTTP/1.1" 200 544
127.0.0.1 - - [19/Sep/2018:10:19:18 -0300] "POST /business_server_rhcontroller/RecebeDevolveJsonListaFuncionarioPagamentos HTTP/1.1" 200 67
0:0:0:0:0:0:0:1 - - [19/Sep/2018:10:19:18 -0300] "POST /rhcontroller/ServiceListaFuncionarioPagamentos HTTP/1.1" 200 544
127.0.0.1 - - [19/Sep/2018:10:20:02 -0300] "POST /business_server_rhcontroller/RecebeDevolveJsonListaFuncionarioPagamentos HTTP/1.1" 200 67
0:0:0:0:0:0:0:1 - - [19/Sep/2018:10:20:02 -0300] "POST /rhcontroller/ServiceListaFuncionarioPagamentos HTTP/1.1" 200 544
127.0.0.1 - - [19/Sep/2018:10:23:50 -0300] "POST /business_server_rhcontroller/RecebeDevolveJsonListaFuncionarioPagamentos HTTP/1.1" 200 70
0:0:0:0:0:0:0:1 - - [19/Sep/2018:10:23:50 -0300] "POST /rhcontroller/ServiceListaFuncionarioPagamentos HTTP/1.1" 200 547
0:0:0:0:0:0:0:1 - - [19/Sep/2018:10:24:03 -0300] "GET /rhcontroller/lista_funcionario_pagamentos.html HTTP/1.1" 304 -
0:0:0:0:0:0:0:1 - - [19/Sep/2018:10:24:14 -0300] "GET /rhcontroller/remove_funcionario.html HTTP/1.1" 304 -
127.0.0.1 - - [19/Sep/2018:10:24:22 -0300] "POST /business_server_rhcontroller/RecebeDevolveJsonListaFuncionarioPagamentos HTTP/1.1" 200 70
0:0:0:0:0:0:0:1 - - [19/Sep/2018:10:24:22 -0300] "POST /rhcontroller/ServiceListaFuncionarioPagamentos HTTP/1.1" 200 547
127.0.0.1 - - [19/Sep/2018:10:27:28 -0300] "POST /business_server_rhcontroller/RecebeDevolveJsonListaFuncionarioPagamentos HTTP/1.1" 200 86
0:0:0:0:0:0:0:1 - - [19/Sep/2018:10:27:28 -0300] "POST /rhcontroller/ServiceListaFuncionarioPagamentos HTTP/1.1" 200 552
127.0.0.1 - - [19/Sep/2018:10:27:56 -0300] "POST /business_server_rhcontroller/RecebeDevolveJsonListaFuncionarioPagamentos HTTP/1.1" 200 86
0:0:0:0:0:0:0:1 - - [19/Sep/2018:10:27:56 -0300] "POST /rhcontroller/ServiceListaFuncionarioPagamentos HTTP/1.1" 200 552
127.0.0.1 - - [19/Sep/2018:10:30:05 -0300] "POST /business_server_rhcontroller/RecebeDevolveJsonListaFuncionarioPagamentos HTTP/1.1" 200 86
0:0:0:0:0:0:0:1 - - [19/Sep/2018:10:30:05 -0300] "POST /rhcontroller/ServiceListaFuncionarioPagamentos HTTP/1.1" 200 552
127.0.0.1 - - [19/Sep/2018:10:32:06 -0300] "POST /business_server_rhcontroller/RecebeDevolveJsonListaFuncionarioPagamentos HTTP/1.1" 200 2
0:0:0:0:0:0:0:1 - - [19/Sep/2018:10:32:06 -0300] "POST /rhcontroller/ServiceListaFuncionarioPagamentos HTTP/1.1" 200 191
0:0:0:0:0:0:0:1 - - [19/Sep/2018:10:39:20 -0300] "GET /rhcontroller/menu.html HTTP/1.1" 304 -
0:0:0:0:0:0:0:1 - - [19/Sep/2018:10:39:46 -0300] "GET /rhcontroller/ServiceListaPagamentos HTTP/1.1" 404 1070
0:0:0:0:0:0:0:1 - - [19/Sep/2018:10:39:53 -0300] "GET /rhcontroller/lista_funcionarios.html HTTP/1.1" 200 1349
0:0:0:0:0:0:0:1 - - [19/Sep/2018:10:40:36 -0300] "GET /rhcontroller/cria_dados_pessoais.html HTTP/1.1" 200 1617
0:0:0:0:0:0:0:1 - - [19/Sep/2018:10:50:42 -0300] "GET /rhcontroller/cria_dados_pessoais.html HTTP/1.1" 304 -
0:0:0:0:0:0:0:1 - - [19/Sep/2018:10:50:44 -0300] "GET /rhcontroller/menu.html HTTP/1.1" 304 -
0:0:0:0:0:0:0:1 - - [19/Sep/2018:10:50:46 -0300] "GET /rhcontroller/menu.html HTTP/1.1" 304 -
0:0:0:0:0:0:0:1 - - [19/Sep/2018:10:50:49 -0300] "GET /rhcontroller/menu.html HTTP/1.1" 304 -
127.0.0.1 - - [19/Sep/2018:10:52:36 -0300] "GET / HTTP/1.1" 404 1000
0:0:0:0:0:0:0:1 - - [19/Sep/2018:10:52:44 -0300] "GET /rhcontroller/menu.html HTTP/1.1" 304 -
0:0:0:0:0:0:0:1 - - [19/Sep/2018:10:52:44 -0300] "GET /rhcontroller/menu.html HTTP/1.1" 304 -
127.0.0.1 - - [19/Sep/2018:10:52:59 -0300] "GET / HTTP/1.1" 404 1000
0:0:0:0:0:0:0:1 - - [19/Sep/2018:10:53:01 -0300] "GET /rhcontroller/menu.html HTTP/1.1" 200 868
0:0:0:0:0:0:0:1 - - [19/Sep/2018:10:53:03 -0300] "GET /rhcontroller/update_dados_pessoais.html HTTP/1.1" 200 1774
0:0:0:0:0:0:0:1 - - [19/Sep/2018:10:53:17 -0300] "GET /rhcontroller/lista_funcionarios.html HTTP/1.1" 304 -
127.0.0.1 - - [19/Sep/2018:10:53:21 -0300] "POST /business_server_rhcontroller/RecebeDevolveJsonListaDadosFuncionarios HTTP/1.1" 200 692
127.0.0.1 - - [19/Sep/2018:10:53:21 -0300] "POST /business_server_rhcontroller/RecebeDevolveJsonListaDadosFuncionarios HTTP/1.1" 200 692
0:0:0:0:0:0:0:1 - - [19/Sep/2018:10:53:21 -0300] "POST /rhcontroller/ServiceListaFuncionarios HTTP/1.1" 200 974
0:0:0:0:0:0:0:1 - - [19/Sep/2018:10:53:21 -0300] "POST /rhcontroller/ServiceListaFuncionarios HTTP/1.1" 200 974
0:0:0:0:0:0:0:1 - - [19/Sep/2018:10:53:49 -0300] "GET /rhcontroller/ServiceListaFuncionarios HTTP/1.1" 500 1545
0:0:0:0:0:0:0:1 - - [19/Sep/2018:10:53:52 -0300] "GET /rhcontroller/menu.html HTTP/1.1" 304 -
0:0:0:0:0:0:0:1 - - [19/Sep/2018:10:54:04 -0300] "GET /rhcontroller/update_dados_pessoais.html HTTP/1.1" 304 -
0:0:0:0:0:0:0:1 - - [19/Sep/2018:10:55:01 -0300] "POST /rhcontroller/ServiceUpdateDadosPessoais HTTP/1.1" 500 1549
0:0:0:0:0:0:0:1 - - [19/Sep/2018:10:55:27 -0300] "POST /rhcontroller/ServiceUpdateDadosPessoais HTTP/1.1" 500 1549
127.0.0.1 - - [19/Sep/2018:10:57:31 -0300] "GET / HTTP/1.1" 404 1000
0:0:0:0:0:0:0:1 - - [19/Sep/2018:10:57:44 -0300] "POST /rhcontroller/ServiceUpdateDadosPessoais HTTP/1.1" 500 1549
0:0:0:0:0:0:0:1 - - [19/Sep/2018:10:57:58 -0300] "GET /rhcontroller/update_dados_pessoais.html HTTP/1.1" 200 1786
127.0.0.1 - - [19/Sep/2018:10:58:17 -0300] "POST /business_server_rhcontroller/RecebeUpdateJsonDadosPessoais HTTP/1.1" 200 -
0:0:0:0:0:0:0:1 - - [19/Sep/2018:10:58:17 -0300] "POST /rhcontroller/ServiceUpdateDadosPessoais HTTP/1.1" 200 210
127.0.0.1 - - [19/Sep/2018:11:02:45 -0300] "GET / HTTP/1.1" 404 1000
127.0.0.1 - - [19/Sep/2018:11:02:59 -0300] "POST /business_server_rhcontroller/RecebeUpdateJsonDadosPessoais HTTP/1.1" 200 -
0:0:0:0:0:0:0:1 - - [19/Sep/2018:11:02:59 -0300] "POST /rhcontroller/ServiceUpdateDadosPessoais HTTP/1.1" 200 210
0:0:0:0:0:0:0:1 - - [19/Sep/2018:11:13:46 -0300] "GET /rhcontroller/cria_dados_pessoais.html HTTP/1.1" 200 1692
127.0.0.1 - - [19/Sep/2018:11:13:54 -0300] "POST /business_server_rhcontroller/RecebeJsonDadosPessoais HTTP/1.1" 500 1457
0:0:0:0:0:0:0:1 - - [19/Sep/2018:11:13:54 -0300] "POST /rhcontroller/ServiceAdicionaDadosPessoais HTTP/1.1" 200 224
0:0:0:0:0:0:0:1 - - [19/Sep/2018:11:13:57 -0300] "GET /rhcontroller/menu.html HTTP/1.1" 304 -
127.0.0.1 - - [19/Sep/2018:11:14:39 -0300] "POST /business_server_rhcontroller/RecebeJsonDadosPessoais HTTP/1.1" 200 -
0:0:0:0:0:0:0:1 - - [19/Sep/2018:11:14:39 -0300] "POST /rhcontroller/ServiceAdicionaDadosPessoais HTTP/1.1" 200 224
0:0:0:0:0:0:0:1 - - [19/Sep/2018:11:19:58 -0300] "GET /rhcontroller/menu.html HTTP/1.1" 304 -
0:0:0:0:0:0:0:1 - - [19/Sep/2018:11:20:00 -0300] "GET /rhcontroller/lista_funcionarios.html HTTP/1.1" 304 -
127.0.0.1 - - [19/Sep/2018:11:20:02 -0300] "POST /business_server_rhcontroller/RecebeDevolveJsonListaDadosFuncionarios HTTP/1.1" 200 1039
0:0:0:0:0:0:0:1 - - [19/Sep/2018:11:20:02 -0300] "POST /rhcontroller/ServiceListaFuncionarios HTTP/1.1" 200 1351
127.0.0.1 - - [19/Sep/2018:11:21:09 -0300] "GET / HTTP/1.1" 404 1000
127.0.0.1 - - [19/Sep/2018:11:21:23 -0300] "POST /business_server_rhcontroller/RecebeDevolveJsonListaDadosFuncionarios HTTP/1.1" 200 1039
0:0:0:0:0:0:0:1 - - [19/Sep/2018:11:21:23 -0300] "POST /rhcontroller/ServiceListaFuncionarios HTTP/1.1" 200 1351
127.0.0.1 - - [19/Sep/2018:11:27:13 -0300] "GET / HTTP/1.1" 404 1000
127.0.0.1 - - [19/Sep/2018:11:28:57 -0300] "POST /business_server_rhcontroller/RecebeDevolveJsonListaDadosFuncionarios HTTP/1.1" 200 2
0:0:0:0:0:0:0:1 - - [19/Sep/2018:11:28:57 -0300] "POST /rhcontroller/ServiceListaFuncionarios HTTP/1.1" 200 191
0:0:0:0:0:0:0:1 - - [19/Sep/2018:11:29:10 -0300] "GET /rhcontroller/lista_funcionarios.html HTTP/1.1" 304 -
127.0.0.1 - - [19/Sep/2018:11:29:13 -0300] "POST /business_server_rhcontroller/RecebeDevolveJsonListaDadosFuncionarios HTTP/1.1" 200 2
0:0:0:0:0:0:0:1 - - [19/Sep/2018:11:29:13 -0300] "POST /rhcontroller/ServiceListaFuncionarios HTTP/1.1" 200 191
127.0.0.1 - - [19/Sep/2018:11:31:59 -0300] "POST /business_server_rhcontroller/RecebeDevolveJsonListaDadosFuncionarios HTTP/1.1" 200 2
0:0:0:0:0:0:0:1 - - [19/Sep/2018:11:31:59 -0300] "POST /rhcontroller/ServiceListaFuncionarios HTTP/1.1" 200 191
127.0.0.1 - - [19/Sep/2018:11:33:04 -0300] "POST /business_server_rhcontroller/RecebeDevolveJsonListaDadosFuncionarios HTTP/1.1" 200 1039
0:0:0:0:0:0:0:1 - - [19/Sep/2018:11:33:04 -0300] "POST /rhcontroller/ServiceListaFuncionarios HTTP/1.1" 200 1351
127.0.0.1 - - [19/Sep/2018:11:35:29 -0300] "GET / HTTP/1.1" 404 1000
0:0:0:0:0:0:0:1 - - [19/Sep/2018:11:35:46 -0300] "POST /rhcontroller/ServiceListaFuncionarios HTTP/1.1" 500 1687
127.0.0.1 - - [19/Sep/2018:11:37:06 -0300] "GET / HTTP/1.1" 404 1000
0:0:0:0:0:0:0:1 - - [19/Sep/2018:11:37:16 -0300] "GET /rhcontroller/lista_funcionarios.html HTTP/1.1" 200 1282
0:0:0:0:0:0:0:1 - - [19/Sep/2018:11:37:18 -0300] "POST /rhcontroller/ServiceListaFuncionarios HTTP/1.1" 500 1545
127.0.0.1 - - [19/Sep/2018:11:38:01 -0300] "GET / HTTP/1.1" 404 1000
0:0:0:0:0:0:0:1 - - [19/Sep/2018:11:38:10 -0300] "GET /rhcontroller/lista_funcionarios.html HTTP/1.1" 304 -
127.0.0.1 - - [19/Sep/2018:11:38:14 -0300] "POST /business_server_rhcontroller/RecebeDevolveJsonListaDadosFuncionarios HTTP/1.1" 200 1039
0:0:0:0:0:0:0:1 - - [19/Sep/2018:11:38:14 -0300] "POST /rhcontroller/ServiceListaFuncionarios HTTP/1.1" 200 1351
0:0:0:0:0:0:0:1 - - [19/Sep/2018:11:46:31 -0300] "GET /rhcontroller/menu.html HTTP/1.1" 304 -
0:0:0:0:0:0:0:1 - - [19/Sep/2018:11:46:37 -0300] "GET /rhcontroller/lista_funcionario_pagamentos.html HTTP/1.1" 200 1441
0:0:0:0:0:0:0:1 - - [19/Sep/2018:11:46:40 -0300] "POST /rhcontroller/ServiceListaFuncionarioPagamentos HTTP/1.1" 200 191
127.0.0.1 - - [19/Sep/2018:11:46:40 -0300] "POST /business_server_rhcontroller/RecebeDevolveJsonListaFuncionarioPagamentos HTTP/1.1" 200 2
0:0:0:0:0:0:0:1 - - [19/Sep/2018:11:47:11 -0300] "GET /rhcontroller/lista_funcionario_pagamentos.html HTTP/1.1" 304 -
127.0.0.1 - - [19/Sep/2018:11:47:13 -0300] "POST /business_server_rhcontroller/RecebeDevolveJsonListaFuncionarioPagamentos HTTP/1.1" 200 2
0:0:0:0:0:0:0:1 - - [19/Sep/2018:11:47:13 -0300] "POST /rhcontroller/ServiceListaFuncionarioPagamentos HTTP/1.1" 200 191
127.0.0.1 - - [19/Sep/2018:11:48:59 -0300] "GET / HTTP/1.1" 404 1000
127.0.0.1 - - [19/Sep/2018:11:49:09 -0300] "POST /business_server_rhcontroller/RecebeDevolveJsonListaFuncionarioPagamentos HTTP/1.1" 200 2
0:0:0:0:0:0:0:1 - - [19/Sep/2018:11:49:09 -0300] "POST /rhcontroller/ServiceListaFuncionarioPagamentos HTTP/1.1" 200 191
127.0.0.1 - - [19/Sep/2018:11:51:33 -0300] "POST /business_server_rhcontroller/RecebeDevolveJsonListaFuncionarioPagamentos HTTP/1.1" 200 2
0:0:0:0:0:0:0:1 - - [19/Sep/2018:11:51:33 -0300] "POST /rhcontroller/ServiceListaFuncionarioPagamentos HTTP/1.1" 200 191
127.0.0.1 - - [19/Sep/2018:11:56:55 -0300] "GET / HTTP/1.1" 404 1000
127.0.0.1 - - [19/Sep/2018:11:57:06 -0300] "POST /business_server_rhcontroller/RecebeDevolveJsonListaFuncionarioPagamentos HTTP/1.1" 200 83
0:0:0:0:0:0:0:1 - - [19/Sep/2018:11:57:06 -0300] "POST /rhcontroller/ServiceListaFuncionarioPagamentos HTTP/1.1" 200 549
0:0:0:0:0:0:0:1 - - [19/Sep/2018:11:57:37 -0300] "GET /rhcontroller/menu.html HTTP/1.1" 304 -
0:0:0:0:0:0:0:1 - - [19/Sep/2018:11:57:39 -0300] "GET /rhcontroller/cria_dados_pessoais.html HTTP/1.1" 304 -
127.0.0.1 - - [19/Sep/2018:11:58:06 -0300] "POST /business_server_rhcontroller/RecebeJsonDadosPessoais HTTP/1.1" 200 -
0:0:0:0:0:0:0:1 - - [19/Sep/2018:11:58:06 -0300] "POST /rhcontroller/ServiceAdicionaDadosPessoais HTTP/1.1" 200 202
0:0:0:0:0:0:0:1 - - [19/Sep/2018:11:58:27 -0300] "GET /rhcontroller/remove_funcionario.html HTTP/1.1" 304 -
0:0:0:0:0:0:0:1 - - [19/Sep/2018:11:58:37 -0300] "GET /rhcontroller/update_dados_pessoais.html HTTP/1.1" 304 -
127.0.0.1 - - [19/Sep/2018:11:59:15 -0300] "POST /business_server_rhcontroller/RecebeUpdateJsonDadosPessoais HTTP/1.1" 200 -
0:0:0:0:0:0:0:1 - - [19/Sep/2018:11:59:15 -0300] "POST /rhcontroller/ServiceUpdateDadosPessoais HTTP/1.1" 200 211
0:0:0:0:0:0:0:1 - - [19/Sep/2018:11:59:45 -0300] "GET /rhcontroller/lista_funcionario_pagamentos.html HTTP/1.1" 200 1453
127.0.0.1 - - [19/Sep/2018:11:59:51 -0300] "POST /business_server_rhcontroller/RecebeDevolveJsonListaFuncionarioPagamentos HTTP/1.1" 200 2
0:0:0:0:0:0:0:1 - - [19/Sep/2018:11:59:51 -0300] "POST /rhcontroller/ServiceListaFuncionarioPagamentos HTTP/1.1" 200 191
0:0:0:0:0:0:0:1 - - [19/Sep/2018:11:59:56 -0300] "GET /rhcontroller/cria_pagamentos.html HTTP/1.1" 200 1298
127.0.0.1 - - [19/Sep/2018:12:00:24 -0300] "POST /business_server_rhcontroller/RecebeJsonPagamentos HTTP/1.1" 200 -
0:0:0:0:0:0:0:1 - - [19/Sep/2018:12:00:24 -0300] "POST /rhcontroller/ServiceAdicionaPagamentos HTTP/1.1" 200 -
127.0.0.1 - - [19/Sep/2018:12:01:24 -0300] "GET / HTTP/1.1" 404 1000
0:0:0:0:0:0:0:1 - - [19/Sep/2018:12:01:29 -0300] "GET /rhcontroller/cria_pagamentos.html HTTP/1.1" 200 1228
127.0.0.1 - - [19/Sep/2018:12:02:06 -0300] "POST /business_server_rhcontroller/RecebeJsonPagamentos HTTP/1.1" 200 -
0:0:0:0:0:0:0:1 - - [19/Sep/2018:12:02:06 -0300] "POST /rhcontroller/ServiceAdicionaPagamentos HTTP/1.1" 200 -
0:0:0:0:0:0:0:1 - - [19/Sep/2018:12:06:27 -0300] "GET /rhcontroller/menu.html HTTP/1.1" 304 -
0:0:0:0:0:0:0:1 - - [19/Sep/2018:12:06:28 -0300] "GET /rhcontroller/cria_dados_pessoais.html HTTP/1.1" 304 -
127.0.0.1 - - [19/Sep/2018:12:07:28 -0300] "POST /business_server_rhcontroller/RecebeJsonDadosPessoais HTTP/1.1" 200 -
0:0:0:0:0:0:0:1 - - [19/Sep/2018:12:07:28 -0300] "POST /rhcontroller/ServiceAdicionaDadosPessoais HTTP/1.1" 200 203
0:0:0:0:0:0:0:1 - - [19/Sep/2018:12:07:33 -0300] "GET /rhcontroller/lista_funcionarios.html HTTP/1.1" 304 -
127.0.0.1 - - [19/Sep/2018:12:07:36 -0300] "POST /business_server_rhcontroller/RecebeDevolveJsonListaDadosFuncionarios HTTP/1.1" 200 1382
0:0:0:0:0:0:0:1 - - [19/Sep/2018:12:07:36 -0300] "POST /rhcontroller/ServiceListaFuncionarios HTTP/1.1" 200 1734
127.0.0.1 - - [19/Sep/2018:12:07:49 -0300] "POST /business_server_rhcontroller/RecebeDevolveJsonListaDadosFuncionarios HTTP/1.1" 200 1382
0:0:0:0:0:0:0:1 - - [19/Sep/2018:12:07:49 -0300] "POST /rhcontroller/ServiceListaFuncionarios HTTP/1.1" 200 1734
127.0.0.1 - - [19/Sep/2018:12:07:55 -0300] "POST /business_server_rhcontroller/RecebeDevolveJsonListaDadosFuncionarios HTTP/1.1" 200 1382
0:0:0:0:0:0:0:1 - - [19/Sep/2018:12:07:55 -0300] "POST /rhcontroller/ServiceListaFuncionarios HTTP/1.1" 200 1734
0:0:0:0:0:0:0:1 - - [19/Sep/2018:12:08:58 -0300] "GET /rhcontroller/cria_pagamentos.html HTTP/1.1" 304 -
0:0:0:0:0:0:0:1 - - [19/Sep/2018:12:09:02 -0300] "GET /rhcontroller/ServiceListaBeneficios HTTP/1.1" 404 1070
0:0:0:0:0:0:0:1 - - [19/Sep/2018:12:09:05 -0300] "GET /rhcontroller/ServiceListaFaltas HTTP/1.1" 404 1062
127.0.0.1 - - [19/Sep/2018:12:09:12 -0300] "POST /business_server_rhcontroller/RecebeDevolveJsonListaDadosFuncionarios HTTP/1.1" 200 1382
0:0:0:0:0:0:0:1 - - [19/Sep/2018:12:09:12 -0300] "POST /rhcontroller/ServiceListaFuncionarios HTTP/1.1" 200 1734
0:0:0:0:0:0:0:1 - - [19/Sep/2018:12:09:16 -0300] "GET /billOrganizer_webApp/RemoveConta.html HTTP/1.1" 404 1074
0:0:0:0:0:0:0:1 - - [19/Sep/2018:12:09:21 -0300] "GET /billOrganizer_webApp/AtualizaConta.html HTTP/1.1" 404 1078
127.0.0.1 - - [19/Sep/2018:12:09:32 -0300] "POST /business_server_rhcontroller/RecebeDevolveJsonListaDadosFuncionarios HTTP/1.1" 200 1382
0:0:0:0:0:0:0:1 - - [19/Sep/2018:12:09:32 -0300] "POST /rhcontroller/ServiceListaFuncionarios HTTP/1.1" 200 1734
0:0:0:0:0:0:0:1 - - [19/Sep/2018:12:09:39 -0300] "GET /rhcontroller/update_dados_pessoais.html HTTP/1.1" 304 -
127.0.0.1 - - [19/Sep/2018:12:09:46 -0300] "POST /business_server_rhcontroller/RecebeUpdateJsonDadosPessoais HTTP/1.1" 500 1469
0:0:0:0:0:0:0:1 - - [19/Sep/2018:12:09:46 -0300] "POST /rhcontroller/ServiceUpdateDadosPessoais HTTP/1.1" 200 198
127.0.0.1 - - [19/Sep/2018:12:09:55 -0300] "POST /business_server_rhcontroller/RecebeDevolveJsonListaDadosFuncionarios HTTP/1.1" 200 1382
0:0:0:0:0:0:0:1 - - [19/Sep/2018:12:09:55 -0300] "POST /rhcontroller/ServiceListaFuncionarios HTTP/1.1" 200 1734
127.0.0.1 - - [19/Sep/2018:12:10:56 -0300] "POST /business_server_rhcontroller/RecebeUpdateJsonDadosPessoais HTTP/1.1" 200 -
0:0:0:0:0:0:0:1 - - [19/Sep/2018:12:10:56 -0300] "POST /rhcontroller/ServiceUpdateDadosPessoais HTTP/1.1" 200 199
0:0:0:0:0:0:0:1 - - [19/Sep/2018:12:11:00 -0300] "GET /rhcontroller/lista_funcionarios.html HTTP/1.1" 304 -
127.0.0.1 - - [19/Sep/2018:12:11:01 -0300] "POST /business_server_rhcontroller/RecebeDevolveJsonListaDadosFuncionarios HTTP/1.1" 200 1289
0:0:0:0:0:0:0:1 - - [19/Sep/2018:12:11:01 -0300] "POST /rhcontroller/ServiceListaFuncionarios HTTP/1.1" 200 1673
0:0:0:0:0:0:0:1 - - [19/Sep/2018:12:11:21 -0300] "GET /rhcontroller/cria_pagamentos.html HTTP/1.1" 304 -
127.0.0.1 - - [19/Sep/2018:12:11:29 -0300] "POST /business_server_rhcontroller/RecebeJsonPagamentos HTTP/1.1" 200 -
0:0:0:0:0:0:0:1 - - [19/Sep/2018:12:11:29 -0300] "POST /rhcontroller/ServiceAdicionaPagamentos HTTP/1.1" 200 -
127.0.0.1 - - [19/Sep/2018:12:11:36 -0300] "POST /business_server_rhcontroller/RecebeJsonPagamentos HTTP/1.1" 200 -
0:0:0:0:0:0:0:1 - - [19/Sep/2018:12:11:36 -0300] "POST /rhcontroller/ServiceAdicionaPagamentos HTTP/1.1" 200 -
0:0:0:0:0:0:0:1 - - [19/Sep/2018:12:11:42 -0300] "GET /rhcontroller/ServiceListaBeneficios HTTP/1.1" 404 1070
0:0:0:0:0:0:0:1 - - [19/Sep/2018:12:11:46 -0300] "GET /rhcontroller/lista_funcionario_pagamentos.html HTTP/1.1" 304 -
127.0.0.1 - - [19/Sep/2018:12:11:49 -0300] "POST /business_server_rhcontroller/RecebeDevolveJsonListaFuncionarioPagamentos HTTP/1.1" 200 176
0:0:0:0:0:0:0:1 - - [19/Sep/2018:12:11:49 -0300] "POST /rhcontroller/ServiceListaFuncionarioPagamentos HTTP/1.1" 200 1216
0:0:0:0:0:0:0:1 - - [19/Sep/2018:12:11:56 -0300] "GET /rhcontroller/atualiza_pagamento.html HTTP/1.1" 404 1072
0:0:0:0:0:0:0:1 - - [19/Sep/2018:12:13:32 -0300] "GET /rhcontroller/cria_faltas.html HTTP/1.1" 200 1322
0:0:0:0:0:0:0:1 - - [19/Sep/2018:12:13:35 -0300] "GET /rhcontroller/ServiceListaFaltas HTTP/1.1" 404 1062
127.0.0.1 - - [19/Sep/2018:12:13:42 -0300] "POST /business_server_rhcontroller/RecebeDevolveJsonListaDadosFuncionarios HTTP/1.1" 200 1289
0:0:0:0:0:0:0:1 - - [19/Sep/2018:12:13:42 -0300] "POST /rhcontroller/ServiceListaFuncionarios HTTP/1.1" 200 1673
0:0:0:0:0:0:0:1 - - [19/Sep/2018:12:14:22 -0300] "GET /rhcontroller/menu.html HTTP/1.1" 304 -
0:0:0:0:0:0:0:1 - - [19/Sep/2018:12:15:18 -0300] "GET /rhcontroller/cria_beneficios.html HTTP/1.1" 200 1274
0:0:0:0:0:0:0:1 - - [19/Sep/2018:12:18:07 -0300] "GET /rhcontroller/lista_funcionario_pagamentos.html HTTP/1.1" 304 -
127.0.0.1 - - [19/Sep/2018:12:18:16 -0300] "POST /business_server_rhcontroller/RecebeDevolveJsonListaFuncionarioPagamentos HTTP/1.1" 200 176
0:0:0:0:0:0:0:1 - - [19/Sep/2018:12:18:16 -0300] "POST /rhcontroller/ServiceListaFuncionarioPagamentos HTTP/1.1" 200 1216
0:0:0:0:0:0:0:1 - - [19/Sep/2018:12:18:22 -0300] "GET /rhcontroller/cria_pagamentos.html HTTP/1.1" 304 -
127.0.0.1 - - [19/Sep/2018:12:25:26 -0300] "GET / HTTP/1.1" 404 1000
0:0:0:0:0:0:0:1 - - [19/Sep/2018:12:25:32 -0300] "GET /rhcontroller/menu.html HTTP/1.1" 304 -
0:0:0:0:0:0:0:1 - - [19/Sep/2018:12:25:35 -0300] "GET /rhcontroller/cria_pagamentos.html HTTP/1.1" 200 1294
127.0.0.1 - - [19/Sep/2018:12:26:30 -0300] "GET / HTTP/1.1" 404 1000
0:0:0:0:0:0:0:1 - - [19/Sep/2018:12:26:33 -0300] "GET /rhcontroller/cria_pagamentos.html HTTP/1.1" 200 1292
127.0.0.1 - - [19/Sep/2018:12:26:45 -0300] "POST /business_server_rhcontroller/RecebeJsonPagamentos HTTP/1.1" 200 -
0:0:0:0:0:0:0:1 - - [19/Sep/2018:12:26:45 -0300] "POST /rhcontroller/ServiceAdicionaPagamentos HTTP/1.1" 200 -
127.0.0.1 - - [19/Sep/2018:12:27:24 -0300] "POST /business_server_rhcontroller/RecebeJsonPagamentos HTTP/1.1" 200 -
0:0:0:0:0:0:0:1 - - [19/Sep/2018:12:27:24 -0300] "POST /rhcontroller/ServiceAdicionaPagamentos HTTP/1.1" 200 -
127.0.0.1 - - [19/Sep/2018:12:29:41 -0300] "POST /business_server_rhcontroller/RecebeJsonPagamentos HTTP/1.1" 200 -
0:0:0:0:0:0:0:1 - - [19/Sep/2018:12:29:41 -0300] "POST /rhcontroller/ServiceAdicionaPagamentos HTTP/1.1" 200 -
127.0.0.1 - - [19/Sep/2018:12:30:08 -0300] "GET / HTTP/1.1" 404 1000
127.0.0.1 - - [19/Sep/2018:12:30:18 -0300] "POST /business_server_rhcontroller/RecebeJsonPagamentos HTTP/1.1" 200 -
0:0:0:0:0:0:0:1 - - [19/Sep/2018:12:30:18 -0300] "POST /rhcontroller/ServiceAdicionaPagamentos HTTP/1.1" 200 -
127.0.0.1 - - [19/Sep/2018:12:32:05 -0300] "GET / HTTP/1.1" 404 1000
127.0.0.1 - - [19/Sep/2018:12:32:14 -0300] "POST /business_server_rhcontroller/RecebeJsonPagamentos HTTP/1.1" 200 -
0:0:0:0:0:0:0:1 - - [19/Sep/2018:12:32:14 -0300] "POST /rhcontroller/ServiceAdicionaPagamentos HTTP/1.1" 200 -
0:0:0:0:0:0:0:1 - - [19/Sep/2018:12:32:32 -0300] "GET /rhcontroller/lista_funcionario_pagamentos.html HTTP/1.1" 304 -
127.0.0.1 - - [19/Sep/2018:12:32:35 -0300] "POST /business_server_rhcontroller/RecebeDevolveJsonListaFuncionarioPagamentos HTTP/1.1" 200 477
0:0:0:0:0:0:0:1 - - [19/Sep/2018:12:32:35 -0300] "POST /rhcontroller/ServiceListaFuncionarioPagamentos HTTP/1.1" 200 2938
